
> personal-site@0.1.0 prebuild
> node scripts/prebuild.mjs

[prebuild] current content sources: Supabase notes + local MDX content
[prebuild] legacy Obsidian / Notion sync has been retired

> personal-site@0.1.0 build
> next build

鈻?Next.js 16.1.6 (Turbopack)
- Environments: .env.local

node.exe : 鈿?The "midd
leware" file conventio
n is deprecated. Pleas
e use "proxy" instead.
 Learn more: https://n
extjs.org/docs/message
s/middleware-to-proxy
所在位置 D:\mcp\npm.ps1:29
 字符: 3
+   & $NODE_EXE $NPM_C
LI_JS $args
+   ~~~~~~~~~~~~~~~~~~
~~~~~~~~~~~
    + CategoryInfo    
          : NotSpecifi
ed: (鈿    ?The "middle
wa...lewa    re-to-pro
xy:String) [    ], Rem
oteException
    + FullyQualifiedEr
ror    Id : NativeComm
andErr    or
 
  Creating an optimized production build ...
鉁?Compiled successfully in 4.9s
  Running TypeScript ...
  Collecting page data using 15 workers ...
  Generating static pages using 15 workers (0/77) ...
  Generating static pages using 15 workers (19/77) 
  Generating static pages using 15 workers (38/77) 
  Generating static pages using 15 workers (57/77) 
Error occurred prerend
ering page "/zh". Read
 more: https://nextjs.
org/docs/messages/prer
ender-error
Error: Attempted to ca
ll createMotionCompone
nt() from the server b
ut createMotionCompone
nt is on the client. I
t's not possible to in
voke a client function
 from the server, it c
an only be rendered as
 a Component or passed
 to props of a Client 
Component.
    at <unknown> (E:\涓
汉鍗氬\personal-site\.n
ext\server\chunks\ssr\
_3ea30acb._.js:1:9683)
    at Object.get (E:\
涓汉鍗氬\personal-site\.
next\server\chunks\ssr
\_3ea30acb._.js:1:1118
44)
    at <unknown> (E:\涓
汉鍗氬\personal-site\.n
ext\server\chunks\ssr\
_3ea30acb._.js:1:12106
8)
    at Array.map (<ano
nymous>)
    at fc (E:\涓汉鍗氬\p
ersonal-site\.next\ser
ver\chunks\ssr\_3ea30a
cb._.js:1:121048) {
  digest: '480216918'
}
Export encountered an 
error on /[locale]/pag
e: /zh, exiting the bu
ild.
猕?Next.js build worker
 exited with code: 1 a
nd signal: null
