.next/dev/types/validator.ts(260,39): error TS2307: Cannot find module '../../../src/app/api/notion-test/route.js' or its corresponding type declarations.
.next/dev/types/validator.ts(269,39): error TS2307: Cannot find module '../../../src/app/api/sync-notes/route.js' or its corresponding type declarations.
